----------------------------------------------------------------------
Ran 85 tests in 11.318s

OK

Source baselines:
2ddfdb9e32b82bd161f9dc9d5989e4a7ba1c37d472ba5f6ba2cab6a5df863675  /mnt/data/portbw_v521_vps_validation/portbw.py
9767df9217010eb8bbed9ba1bc7f54d79ad7154e4ad3a364f7773491c5f5cc38  /mnt/data/portbw_v521_vps_validation/portbw-install.sh
